<?xml version="1.0"?>
<link_info>
   <banner>TMS320C6x Linker PC v7.4.18</banner>
   <copyright>Copyright (c) 1996-2015 Texas Instruments Incorporated</copyright>
   <link_time>0x5a4b3ce5</link_time>
   <output_file>2018_01_02_TP3_Goertzel.out</output_file>
   <entry_point>
      <name>_c_int00</name>
      <address>0x2900</address>
   </entry_point>
   <input_file_list>
      <input_file id="fl-2">
         <path>.\</path>
         <kind>object</kind>
         <file>Vectors_poll.obj</file>
         <name>Vectors_poll.obj</name>
      </input_file>
      <input_file id="fl-3">
         <path>.\</path>
         <kind>object</kind>
         <file>c6713dskinit.obj</file>
         <name>c6713dskinit.obj</name>
      </input_file>
      <input_file id="fl-4">
         <path>.\</path>
         <kind>object</kind>
         <file>main.obj</file>
         <name>main.obj</name>
      </input_file>
      <input_file id="fl-82">
         <path>C:\ti\ccsv6\tools\compiler\c6000_7.4.18\lib\</path>
         <kind>archive</kind>
         <file>rts6700.lib</file>
         <name>boot.obj</name>
      </input_file>
      <input_file id="fl-83">
         <path>C:\ti\ccsv6\tools\compiler\c6000_7.4.18\lib\</path>
         <kind>archive</kind>
         <file>rts6700.lib</file>
         <name>exit.obj</name>
      </input_file>
      <input_file id="fl-84">
         <path>C:\ti\ccsv6\tools\compiler\c6000_7.4.18\lib\</path>
         <kind>archive</kind>
         <file>rts6700.lib</file>
         <name>args_main.obj</name>
      </input_file>
      <input_file id="fl-85">
         <path>C:\ti\ccsv6\tools\compiler\c6000_7.4.18\lib\</path>
         <kind>archive</kind>
         <file>rts6700.lib</file>
         <name>autoinit.obj</name>
      </input_file>
      <input_file id="fl-86">
         <path>C:\ti\ccsv6\tools\compiler\c6000_7.4.18\lib\</path>
         <kind>archive</kind>
         <file>rts6700.lib</file>
         <name>cpp_init.obj</name>
      </input_file>
      <input_file id="fl-87">
         <path>C:\ti\ccsv6\tools\compiler\c6000_7.4.18\lib\</path>
         <kind>archive</kind>
         <file>rts6700.lib</file>
         <name>cpy_tbl.obj</name>
      </input_file>
      <input_file id="fl-88">
         <path>C:\ti\ccsv6\tools\compiler\c6000_7.4.18\lib\</path>
         <kind>archive</kind>
         <file>rts6700.lib</file>
         <name>memcpy62.obj</name>
      </input_file>
      <input_file id="fl-89">
         <path>C:\ti\CCCStudio_v3.1\C6000\csl\lib\</path>
         <kind>archive</kind>
         <file>csl6713.lib</file>
         <name>csl_irq.obj</name>
      </input_file>
      <input_file id="fl-8a">
         <path>C:\ti\CCCStudio_v3.1\C6000\csl\lib\</path>
         <kind>archive</kind>
         <file>csl6713.lib</file>
         <name>csl_mcbsp.obj</name>
      </input_file>
      <input_file id="fl-8b">
         <path>C:\ti\CCCStudio_v3.1\C6000\dsk6713\lib\</path>
         <kind>archive</kind>
         <file>dsk6713bsl.lib</file>
         <name>dsk6713.obj</name>
      </input_file>
      <input_file id="fl-8c">
         <path>C:\ti\CCCStudio_v3.1\C6000\dsk6713\lib\</path>
         <kind>archive</kind>
         <file>dsk6713bsl.lib</file>
         <name>dsk6713_aic23_opencodec.obj</name>
      </input_file>
      <input_file id="fl-8d">
         <path>C:\ti\CCCStudio_v3.1\C6000\dsk6713\lib\</path>
         <kind>archive</kind>
         <file>dsk6713bsl.lib</file>
         <name>dsk6713_aic23_registers.obj</name>
      </input_file>
      <input_file id="fl-8e">
         <path>C:\ti\CCCStudio_v3.1\C6000\dsk6713\lib\</path>
         <kind>archive</kind>
         <file>dsk6713bsl.lib</file>
         <name>dsk6713_aic23_setfreq.obj</name>
      </input_file>
      <input_file id="fl-8f">
         <path>C:\ti\ccsv6\tools\compiler\c6000_7.4.18\lib\</path>
         <kind>archive</kind>
         <file>rts6700.lib</file>
         <name>strasg.obj</name>
      </input_file>
   </input_file_list>
   <object_component_list>
      <object_component id="oc-11">
         <name>.vecs</name>
         <load_address>0x0</load_address>
         <run_address>0x0</run_address>
         <size>0x200</size>
         <input_file_ref idref="fl-2"/>
      </object_component>
      <object_component id="oc-68">
         <name>.text</name>
         <load_address>0x220</load_address>
         <run_address>0x220</run_address>
         <size>0xaa0</size>
         <input_file_ref idref="fl-4"/>
      </object_component>
      <object_component id="oc-6b">
         <name>.text</name>
         <load_address>0xcc0</load_address>
         <run_address>0xcc0</run_address>
         <size>0x640</size>
         <input_file_ref idref="fl-3"/>
      </object_component>
      <object_component id="oc-44">
         <name>.text</name>
         <load_address>0x1300</load_address>
         <run_address>0x1300</run_address>
         <size>0x480</size>
         <input_file_ref idref="fl-8b"/>
      </object_component>
      <object_component id="oc-4a">
         <name>.text</name>
         <load_address>0x1780</load_address>
         <run_address>0x1780</run_address>
         <size>0x320</size>
         <input_file_ref idref="fl-8c"/>
      </object_component>
      <object_component id="oc-66">
         <name>.text:_memcpy</name>
         <load_address>0x1aa0</load_address>
         <run_address>0x1aa0</run_address>
         <size>0x240</size>
         <input_file_ref idref="fl-88"/>
      </object_component>
      <object_component id="oc-6c">
         <name>.text:_IRQ_map</name>
         <load_address>0x1ce0</load_address>
         <run_address>0x1ce0</run_address>
         <size>0x1c0</size>
         <input_file_ref idref="fl-89"/>
      </object_component>
      <object_component id="oc-6a">
         <name>.text:_MCBSP_reset</name>
         <load_address>0x1ea0</load_address>
         <run_address>0x1ea0</run_address>
         <size>0x1a0</size>
         <input_file_ref idref="fl-8a"/>
      </object_component>
      <object_component id="oc-50">
         <name>.text</name>
         <load_address>0x2040</load_address>
         <run_address>0x2040</run_address>
         <size>0x160</size>
         <input_file_ref idref="fl-8d"/>
      </object_component>
      <object_component id="oc-63">
         <name>.text:_MCBSP_open</name>
         <load_address>0x21a0</load_address>
         <run_address>0x21a0</run_address>
         <size>0x100</size>
         <input_file_ref idref="fl-8a"/>
      </object_component>
      <object_component id="oc-64">
         <name>.text:_MCBSP_start</name>
         <load_address>0x22a0</load_address>
         <run_address>0x22a0</run_address>
         <size>0x100</size>
         <input_file_ref idref="fl-8a"/>
      </object_component>
      <object_component id="oc-5f">
         <name>.text:__auto_init</name>
         <load_address>0x23a0</load_address>
         <run_address>0x23a0</run_address>
         <size>0x100</size>
         <input_file_ref idref="fl-85"/>
      </object_component>
      <object_component id="oc-62">
         <name>.text:__strasg</name>
         <load_address>0x24a0</load_address>
         <run_address>0x24a0</run_address>
         <size>0xe0</size>
         <input_file_ref idref="fl-8f"/>
      </object_component>
      <object_component id="oc-61">
         <name>.text:_exit</name>
         <load_address>0x2580</load_address>
         <run_address>0x2580</run_address>
         <size>0xe0</size>
         <input_file_ref idref="fl-83"/>
      </object_component>
      <object_component id="oc-65">
         <name>.text:_copy_in</name>
         <load_address>0x2660</load_address>
         <run_address>0x2660</run_address>
         <size>0xc0</size>
         <input_file_ref idref="fl-87"/>
      </object_component>
      <object_component id="oc-56">
         <name>.text</name>
         <load_address>0x2720</load_address>
         <run_address>0x2720</run_address>
         <size>0xc0</size>
         <input_file_ref idref="fl-8e"/>
      </object_component>
      <object_component id="oc-6d">
         <name>.text:_setMux</name>
         <load_address>0x27e0</load_address>
         <run_address>0x27e0</run_address>
         <size>0xa0</size>
         <input_file_ref idref="fl-89"/>
      </object_component>
      <object_component id="oc-67">
         <name>.text:___TI_cpp_init</name>
         <load_address>0x2880</load_address>
         <run_address>0x2880</run_address>
         <size>0x80</size>
         <input_file_ref idref="fl-86"/>
      </object_component>
      <object_component id="oc-f">
         <name>.text:_c_int00</name>
         <load_address>0x2900</load_address>
         <run_address>0x2900</run_address>
         <size>0x80</size>
         <input_file_ref idref="fl-82"/>
      </object_component>
      <object_component id="oc-60">
         <name>.text:__args_main</name>
         <load_address>0x2980</load_address>
         <run_address>0x2980</run_address>
         <size>0x40</size>
         <input_file_ref idref="fl-84"/>
      </object_component>
      <object_component id="oc-10">
         <name>.text</name>
         <load_address>0x29c0</load_address>
         <run_address>0x29c0</run_address>
         <size>0x20</size>
         <input_file_ref idref="fl-2"/>
      </object_component>
      <object_component id="oc-69">
         <name>.text:_abort</name>
         <load_address>0x29e0</load_address>
         <run_address>0x29e0</run_address>
         <size>0x20</size>
         <input_file_ref idref="fl-83"/>
      </object_component>
      <object_component id="oc-39">
         <name>.text</name>
         <load_address>0x2a00</load_address>
         <run_address>0x2a00</run_address>
         <size>0x20</size>
         <input_file_ref idref="fl-89"/>
      </object_component>
      <object_component id="oc-1c">
         <name>.cinit</name>
         <load_address>0x3c30</load_address>
         <run_address>0x3c30</run_address>
         <size>0x994</size>
         <input_file_ref idref="fl-4"/>
      </object_component>
      <object_component id="oc-3a">
         <name>.cinit</name>
         <load_address>0x45c8</load_address>
         <run_address>0x45c8</run_address>
         <size>0x12c</size>
         <input_file_ref idref="fl-89"/>
      </object_component>
      <object_component id="oc-16">
         <name>.cinit</name>
         <load_address>0x46f8</load_address>
         <run_address>0x46f8</run_address>
         <size>0x58</size>
         <input_file_ref idref="fl-3"/>
      </object_component>
      <object_component id="oc-3f">
         <name>.cinit</name>
         <load_address>0x4750</load_address>
         <run_address>0x4750</run_address>
         <size>0x54</size>
         <input_file_ref idref="fl-8a"/>
      </object_component>
      <object_component id="oc-51">
         <name>.cinit</name>
         <load_address>0x47a8</load_address>
         <run_address>0x47a8</run_address>
         <size>0x30</size>
         <input_file_ref idref="fl-8d"/>
      </object_component>
      <object_component id="oc-26">
         <name>.cinit</name>
         <load_address>0x47d8</load_address>
         <run_address>0x47d8</run_address>
         <size>0x2c</size>
         <input_file_ref idref="fl-83"/>
      </object_component>
      <object_component id="oc-57">
         <name>.cinit</name>
         <load_address>0x4808</load_address>
         <run_address>0x4808</run_address>
         <size>0x28</size>
         <input_file_ref idref="fl-8e"/>
      </object_component>
      <object_component id="oc-22">
         <name>.stack</name>
         <uninitialized>true</uninitialized>
         <run_address>0x4838</run_address>
         <size>0x8</size>
         <input_file_ref idref="fl-82"/>
      </object_component>
      <object_component id="oc-84">
         <name>.stack</name>
         <uninitialized>true</uninitialized>
         <run_address>0x4838</run_address>
         <size>0x0</size>
      </object_component>
      <object_component id="oc-4c">
         <name>.const</name>
         <load_address>0x4938</load_address>
         <run_address>0x4938</run_address>
         <size>0x40</size>
         <input_file_ref idref="fl-8c"/>
      </object_component>
      <object_component id="oc-46">
         <name>.const</name>
         <load_address>0x4978</load_address>
         <run_address>0x4978</run_address>
         <size>0x20</size>
         <input_file_ref idref="fl-8b"/>
      </object_component>
      <object_component id="oc-17">
         <name>.far</name>
         <uninitialized>true</uninitialized>
         <run_address>0x3b3c</run_address>
         <size>0x58</size>
         <input_file_ref idref="fl-3"/>
      </object_component>
      <object_component id="oc-1d">
         <name>.far</name>
         <uninitialized>true</uninitialized>
         <run_address>0x2a20</run_address>
         <size>0x1028</size>
         <input_file_ref idref="fl-4"/>
      </object_component>
      <object_component id="oc-27">
         <name>.far</name>
         <uninitialized>true</uninitialized>
         <run_address>0x3c14</run_address>
         <size>0xc</size>
         <input_file_ref idref="fl-83"/>
      </object_component>
      <object_component id="oc-3b">
         <name>.far</name>
         <uninitialized>true</uninitialized>
         <run_address>0x3a48</run_address>
         <size>0xf4</size>
         <input_file_ref idref="fl-89"/>
      </object_component>
      <object_component id="oc-40">
         <name>.far</name>
         <uninitialized>true</uninitialized>
         <run_address>0x3b94</run_address>
         <size>0x38</size>
         <input_file_ref idref="fl-8a"/>
      </object_component>
      <object_component id="oc-45">
         <name>.far</name>
         <uninitialized>true</uninitialized>
         <run_address>0x3c28</run_address>
         <size>0x2</size>
         <input_file_ref idref="fl-8b"/>
      </object_component>
      <object_component id="oc-4b">
         <name>.far</name>
         <uninitialized>true</uninitialized>
         <run_address>0x3c20</run_address>
         <size>0x8</size>
         <input_file_ref idref="fl-8c"/>
      </object_component>
      <object_component id="oc-52">
         <name>.far</name>
         <uninitialized>true</uninitialized>
         <run_address>0x3bcc</run_address>
         <size>0x28</size>
         <input_file_ref idref="fl-8d"/>
      </object_component>
      <object_component id="oc-58">
         <name>.far</name>
         <uninitialized>true</uninitialized>
         <run_address>0x3bf4</run_address>
         <size>0x20</size>
         <input_file_ref idref="fl-8e"/>
      </object_component>
      <object_component id="oc-12">
         <name>.debug_info</name>
         <load_address>0x0</load_address>
         <run_address>0x0</run_address>
         <size>0x10b</size>
         <input_file_ref idref="fl-2"/>
      </object_component>
      <object_component id="oc-15">
         <name>.debug_info</name>
         <load_address>0x10b</load_address>
         <run_address>0x10b</run_address>
         <size>0x12c5</size>
         <input_file_ref idref="fl-3"/>
      </object_component>
      <object_component id="oc-1b">
         <name>.debug_info</name>
         <load_address>0x13d0</load_address>
         <run_address>0x13d0</run_address>
         <size>0x10a6</size>
         <input_file_ref idref="fl-4"/>
      </object_component>
      <object_component id="oc-21">
         <name>.debug_info</name>
         <load_address>0x2476</load_address>
         <run_address>0x2476</run_address>
         <size>0x70b</size>
         <input_file_ref idref="fl-82"/>
      </object_component>
      <object_component id="oc-25">
         <name>.debug_info</name>
         <load_address>0x2b81</load_address>
         <run_address>0x2b81</run_address>
         <size>0x7f9</size>
         <input_file_ref idref="fl-83"/>
      </object_component>
      <object_component id="oc-2a">
         <name>.debug_info</name>
         <load_address>0x337a</load_address>
         <run_address>0x337a</run_address>
         <size>0x6e1</size>
         <input_file_ref idref="fl-84"/>
      </object_component>
      <object_component id="oc-2d">
         <name>.debug_info</name>
         <load_address>0x3a5b</load_address>
         <run_address>0x3a5b</run_address>
         <size>0x86b</size>
         <input_file_ref idref="fl-85"/>
      </object_component>
      <object_component id="oc-30">
         <name>.debug_info</name>
         <load_address>0x42c6</load_address>
         <run_address>0x42c6</run_address>
         <size>0x6e3</size>
         <input_file_ref idref="fl-86"/>
      </object_component>
      <object_component id="oc-33">
         <name>.debug_info</name>
         <load_address>0x49a9</load_address>
         <run_address>0x49a9</run_address>
         <size>0x7d9</size>
         <input_file_ref idref="fl-87"/>
      </object_component>
      <object_component id="oc-36">
         <name>.debug_info</name>
         <load_address>0x5182</load_address>
         <run_address>0x5182</run_address>
         <size>0x786</size>
         <input_file_ref idref="fl-88"/>
      </object_component>
      <object_component id="oc-3d">
         <name>.debug_info</name>
         <load_address>0x5908</load_address>
         <run_address>0x5908</run_address>
         <size>0x9df</size>
         <input_file_ref idref="fl-89"/>
      </object_component>
      <object_component id="oc-42">
         <name>.debug_info</name>
         <load_address>0x62e7</load_address>
         <run_address>0x62e7</run_address>
         <size>0xac3</size>
         <input_file_ref idref="fl-8a"/>
      </object_component>
      <object_component id="oc-48">
         <name>.debug_info</name>
         <load_address>0x6daa</load_address>
         <run_address>0x6daa</run_address>
         <size>0xa4e</size>
         <input_file_ref idref="fl-8b"/>
      </object_component>
      <object_component id="oc-4e">
         <name>.debug_info</name>
         <load_address>0x77f8</load_address>
         <run_address>0x77f8</run_address>
         <size>0xa20</size>
         <input_file_ref idref="fl-8c"/>
      </object_component>
      <object_component id="oc-54">
         <name>.debug_info</name>
         <load_address>0x8218</load_address>
         <run_address>0x8218</run_address>
         <size>0xaa0</size>
         <input_file_ref idref="fl-8d"/>
      </object_component>
      <object_component id="oc-5a">
         <name>.debug_info</name>
         <load_address>0x8cb8</load_address>
         <run_address>0x8cb8</run_address>
         <size>0x723</size>
         <input_file_ref idref="fl-8e"/>
      </object_component>
      <object_component id="oc-5c">
         <name>.debug_info</name>
         <load_address>0x93db</load_address>
         <run_address>0x93db</run_address>
         <size>0xd6</size>
         <input_file_ref idref="fl-8f"/>
      </object_component>
      <object_component id="oc-85">
         <name>.debug_info</name>
         <load_address>0x94b1</load_address>
         <run_address>0x94b1</run_address>
         <size>0x6e</size>
      </object_component>
      <object_component id="oc-13">
         <name>.debug_line</name>
         <load_address>0x0</load_address>
         <run_address>0x0</run_address>
         <size>0xcd</size>
         <input_file_ref idref="fl-2"/>
      </object_component>
      <object_component id="oc-19">
         <name>.debug_line</name>
         <load_address>0xcd</load_address>
         <run_address>0xcd</run_address>
         <size>0x2a4</size>
         <input_file_ref idref="fl-3"/>
      </object_component>
      <object_component id="oc-1f">
         <name>.debug_line</name>
         <load_address>0x371</load_address>
         <run_address>0x371</run_address>
         <size>0xe8</size>
         <input_file_ref idref="fl-4"/>
      </object_component>
      <object_component id="oc-23">
         <name>.debug_line</name>
         <load_address>0x459</load_address>
         <run_address>0x459</run_address>
         <size>0x3d</size>
         <input_file_ref idref="fl-82"/>
      </object_component>
      <object_component id="oc-28">
         <name>.debug_line</name>
         <load_address>0x496</load_address>
         <run_address>0x496</run_address>
         <size>0x4f</size>
         <input_file_ref idref="fl-83"/>
      </object_component>
      <object_component id="oc-2b">
         <name>.debug_line</name>
         <load_address>0x4e5</load_address>
         <run_address>0x4e5</run_address>
         <size>0x41</size>
         <input_file_ref idref="fl-84"/>
      </object_component>
      <object_component id="oc-2e">
         <name>.debug_line</name>
         <load_address>0x526</load_address>
         <run_address>0x526</run_address>
         <size>0x47</size>
         <input_file_ref idref="fl-85"/>
      </object_component>
      <object_component id="oc-31">
         <name>.debug_line</name>
         <load_address>0x56d</load_address>
         <run_address>0x56d</run_address>
         <size>0x45</size>
         <input_file_ref idref="fl-86"/>
      </object_component>
      <object_component id="oc-34">
         <name>.debug_line</name>
         <load_address>0x5b2</load_address>
         <run_address>0x5b2</run_address>
         <size>0x44</size>
         <input_file_ref idref="fl-87"/>
      </object_component>
      <object_component id="oc-37">
         <name>.debug_line</name>
         <load_address>0x5f6</load_address>
         <run_address>0x5f6</run_address>
         <size>0x4e</size>
         <input_file_ref idref="fl-88"/>
      </object_component>
      <object_component id="oc-3e">
         <name>.debug_line</name>
         <load_address>0x644</load_address>
         <run_address>0x644</run_address>
         <size>0xa0</size>
         <input_file_ref idref="fl-89"/>
      </object_component>
      <object_component id="oc-43">
         <name>.debug_line</name>
         <load_address>0x6e4</load_address>
         <run_address>0x6e4</run_address>
         <size>0xbf</size>
         <input_file_ref idref="fl-8a"/>
      </object_component>
      <object_component id="oc-49">
         <name>.debug_line</name>
         <load_address>0x7a3</load_address>
         <run_address>0x7a3</run_address>
         <size>0xb2</size>
         <input_file_ref idref="fl-8b"/>
      </object_component>
      <object_component id="oc-4f">
         <name>.debug_line</name>
         <load_address>0x855</load_address>
         <run_address>0x855</run_address>
         <size>0x4f</size>
         <input_file_ref idref="fl-8c"/>
      </object_component>
      <object_component id="oc-55">
         <name>.debug_line</name>
         <load_address>0x8a4</load_address>
         <run_address>0x8a4</run_address>
         <size>0x7e</size>
         <input_file_ref idref="fl-8d"/>
      </object_component>
      <object_component id="oc-5b">
         <name>.debug_line</name>
         <load_address>0x922</load_address>
         <run_address>0x922</run_address>
         <size>0x50</size>
         <input_file_ref idref="fl-8e"/>
      </object_component>
      <object_component id="oc-5d">
         <name>.debug_line</name>
         <load_address>0x972</load_address>
         <run_address>0x972</run_address>
         <size>0x48</size>
         <input_file_ref idref="fl-8f"/>
      </object_component>
      <object_component id="oc-14">
         <name>.debug_abbrev</name>
         <load_address>0x0</load_address>
         <run_address>0x0</run_address>
         <size>0x21</size>
         <input_file_ref idref="fl-2"/>
      </object_component>
      <object_component id="oc-1a">
         <name>.debug_abbrev</name>
         <load_address>0x21</load_address>
         <run_address>0x21</run_address>
         <size>0x185</size>
         <input_file_ref idref="fl-3"/>
      </object_component>
      <object_component id="oc-20">
         <name>.debug_abbrev</name>
         <load_address>0x1a6</load_address>
         <run_address>0x1a6</run_address>
         <size>0x10c</size>
         <input_file_ref idref="fl-4"/>
      </object_component>
      <object_component id="oc-24">
         <name>.debug_abbrev</name>
         <load_address>0x2b2</load_address>
         <run_address>0x2b2</run_address>
         <size>0xfe</size>
         <input_file_ref idref="fl-82"/>
      </object_component>
      <object_component id="oc-29">
         <name>.debug_abbrev</name>
         <load_address>0x3b0</load_address>
         <run_address>0x3b0</run_address>
         <size>0x119</size>
         <input_file_ref idref="fl-83"/>
      </object_component>
      <object_component id="oc-2c">
         <name>.debug_abbrev</name>
         <load_address>0x4c9</load_address>
         <run_address>0x4c9</run_address>
         <size>0xe1</size>
         <input_file_ref idref="fl-84"/>
      </object_component>
      <object_component id="oc-2f">
         <name>.debug_abbrev</name>
         <load_address>0x5aa</load_address>
         <run_address>0x5aa</run_address>
         <size>0x13f</size>
         <input_file_ref idref="fl-85"/>
      </object_component>
      <object_component id="oc-32">
         <name>.debug_abbrev</name>
         <load_address>0x6e9</load_address>
         <run_address>0x6e9</run_address>
         <size>0xdd</size>
         <input_file_ref idref="fl-86"/>
      </object_component>
      <object_component id="oc-35">
         <name>.debug_abbrev</name>
         <load_address>0x7c6</load_address>
         <run_address>0x7c6</run_address>
         <size>0x10c</size>
         <input_file_ref idref="fl-87"/>
      </object_component>
      <object_component id="oc-38">
         <name>.debug_abbrev</name>
         <load_address>0x8d2</load_address>
         <run_address>0x8d2</run_address>
         <size>0xd5</size>
         <input_file_ref idref="fl-88"/>
      </object_component>
      <object_component id="oc-3c">
         <name>.debug_abbrev</name>
         <load_address>0x9a7</load_address>
         <run_address>0x9a7</run_address>
         <size>0x1b7</size>
         <input_file_ref idref="fl-89"/>
      </object_component>
      <object_component id="oc-41">
         <name>.debug_abbrev</name>
         <load_address>0xb5e</load_address>
         <run_address>0xb5e</run_address>
         <size>0x1a3</size>
         <input_file_ref idref="fl-8a"/>
      </object_component>
      <object_component id="oc-47">
         <name>.debug_abbrev</name>
         <load_address>0xd01</load_address>
         <run_address>0xd01</run_address>
         <size>0x19a</size>
         <input_file_ref idref="fl-8b"/>
      </object_component>
      <object_component id="oc-4d">
         <name>.debug_abbrev</name>
         <load_address>0xe9b</load_address>
         <run_address>0xe9b</run_address>
         <size>0x12a</size>
         <input_file_ref idref="fl-8c"/>
      </object_component>
      <object_component id="oc-53">
         <name>.debug_abbrev</name>
         <load_address>0xfc5</load_address>
         <run_address>0xfc5</run_address>
         <size>0x152</size>
         <input_file_ref idref="fl-8d"/>
      </object_component>
      <object_component id="oc-59">
         <name>.debug_abbrev</name>
         <load_address>0x1117</load_address>
         <run_address>0x1117</run_address>
         <size>0xf5</size>
         <input_file_ref idref="fl-8e"/>
      </object_component>
      <object_component id="oc-5e">
         <name>.debug_abbrev</name>
         <load_address>0x120c</load_address>
         <run_address>0x120c</run_address>
         <size>0x3b</size>
         <input_file_ref idref="fl-8f"/>
      </object_component>
      <object_component id="oc-86">
         <name>.debug_abbrev</name>
         <load_address>0x1247</load_address>
         <run_address>0x1247</run_address>
         <size>0xd</size>
      </object_component>
      <object_component id="oc-18">
         <name>.debug_frame</name>
         <load_address>0x0</load_address>
         <run_address>0x0</run_address>
         <size>0x323</size>
         <input_file_ref idref="fl-3"/>
      </object_component>
      <object_component id="oc-1e">
         <name>.debug_frame</name>
         <load_address>0x323</load_address>
         <run_address>0x323</run_address>
         <size>0x279</size>
         <input_file_ref idref="fl-4"/>
      </object_component>
   </object_component_list>
   <logical_group_list>
      <logical_group id="lg-2">
         <name>.EXT_RAM</name>
         <run_address>0x0</run_address>
         <size>0x0</size>
         <contents>
         </contents>
      </logical_group>
      <logical_group id="lg-3">
         <name>.vecs</name>
         <load_address>0x0</load_address>
         <run_address>0x0</run_address>
         <size>0x200</size>
         <contents>
            <object_component_ref idref="oc-11"/>
         </contents>
      </logical_group>
      <logical_group id="lg-4">
         <name>.text</name>
         <load_address>0x220</load_address>
         <run_address>0x220</run_address>
         <size>0x2800</size>
         <contents>
            <object_component_ref idref="oc-68"/>
            <object_component_ref idref="oc-6b"/>
            <object_component_ref idref="oc-44"/>
            <object_component_ref idref="oc-4a"/>
            <object_component_ref idref="oc-66"/>
            <object_component_ref idref="oc-6c"/>
            <object_component_ref idref="oc-6a"/>
            <object_component_ref idref="oc-50"/>
            <object_component_ref idref="oc-63"/>
            <object_component_ref idref="oc-64"/>
            <object_component_ref idref="oc-5f"/>
            <object_component_ref idref="oc-62"/>
            <object_component_ref idref="oc-61"/>
            <object_component_ref idref="oc-65"/>
            <object_component_ref idref="oc-56"/>
            <object_component_ref idref="oc-6d"/>
            <object_component_ref idref="oc-67"/>
            <object_component_ref idref="oc-f"/>
            <object_component_ref idref="oc-60"/>
            <object_component_ref idref="oc-10"/>
            <object_component_ref idref="oc-69"/>
            <object_component_ref idref="oc-39"/>
         </contents>
      </logical_group>
      <logical_group id="lg-5">
         <name>.bss</name>
         <run_address>0x220</run_address>
         <size>0x0</size>
         <contents>
         </contents>
      </logical_group>
      <logical_group id="lg-6">
         <name>.cinit</name>
         <load_address>0x3c30</load_address>
         <run_address>0x3c30</run_address>
         <size>0xc04</size>
         <contents>
            <object_component_ref idref="oc-1c"/>
            <object_component_ref idref="oc-3a"/>
            <object_component_ref idref="oc-16"/>
            <object_component_ref idref="oc-3f"/>
            <object_component_ref idref="oc-51"/>
            <object_component_ref idref="oc-26"/>
            <object_component_ref idref="oc-57"/>
         </contents>
      </logical_group>
      <logical_group id="lg-7">
         <name>.stack</name>
         <run_address>0x4838</run_address>
         <size>0x100</size>
         <contents>
            <object_component_ref idref="oc-22"/>
            <object_component_ref idref="oc-84"/>
         </contents>
      </logical_group>
      <logical_group id="lg-8">
         <name>.sysmem</name>
         <run_address>0x0</run_address>
         <size>0x0</size>
         <contents>
         </contents>
      </logical_group>
      <logical_group id="lg-9">
         <name>.const</name>
         <load_address>0x4938</load_address>
         <run_address>0x4938</run_address>
         <size>0x60</size>
         <contents>
            <object_component_ref idref="oc-4c"/>
            <object_component_ref idref="oc-46"/>
         </contents>
      </logical_group>
      <logical_group id="lg-a">
         <name>.switch</name>
         <run_address>0x0</run_address>
         <size>0x0</size>
         <contents>
         </contents>
      </logical_group>
      <logical_group id="lg-b">
         <name>.far</name>
         <run_address>0x2a20</run_address>
         <size>0x120a</size>
         <contents>
            <object_component_ref idref="oc-17"/>
            <object_component_ref idref="oc-1d"/>
            <object_component_ref idref="oc-27"/>
            <object_component_ref idref="oc-3b"/>
            <object_component_ref idref="oc-40"/>
            <object_component_ref idref="oc-45"/>
            <object_component_ref idref="oc-4b"/>
            <object_component_ref idref="oc-52"/>
            <object_component_ref idref="oc-58"/>
         </contents>
      </logical_group>
      <logical_group id="lg-c">
         <name>.cio</name>
         <run_address>0x0</run_address>
         <size>0x0</size>
         <contents>
         </contents>
      </logical_group>
      <logical_group id="lg-d">
         <name>.csldata</name>
         <run_address>0x0</run_address>
         <size>0x0</size>
         <contents>
         </contents>
      </logical_group>
      <logical_group id="lg-e">
         <name>.data_c</name>
         <run_address>0x0</run_address>
         <size>0x0</size>
         <contents>
         </contents>
      </logical_group>
      <logical_group id="lg-7b">
         <name>.debug_info</name>
         <load_address>0x0</load_address>
         <run_address>0x0</run_address>
         <size>0x951f</size>
         <contents>
            <object_component_ref idref="oc-12"/>
            <object_component_ref idref="oc-15"/>
            <object_component_ref idref="oc-1b"/>
            <object_component_ref idref="oc-21"/>
            <object_component_ref idref="oc-25"/>
            <object_component_ref idref="oc-2a"/>
            <object_component_ref idref="oc-2d"/>
            <object_component_ref idref="oc-30"/>
            <object_component_ref idref="oc-33"/>
            <object_component_ref idref="oc-36"/>
            <object_component_ref idref="oc-3d"/>
            <object_component_ref idref="oc-42"/>
            <object_component_ref idref="oc-48"/>
            <object_component_ref idref="oc-4e"/>
            <object_component_ref idref="oc-54"/>
            <object_component_ref idref="oc-5a"/>
            <object_component_ref idref="oc-5c"/>
            <object_component_ref idref="oc-85"/>
         </contents>
      </logical_group>
      <logical_group id="lg-7d">
         <name>.debug_line</name>
         <load_address>0x0</load_address>
         <run_address>0x0</run_address>
         <size>0x9ba</size>
         <contents>
            <object_component_ref idref="oc-13"/>
            <object_component_ref idref="oc-19"/>
            <object_component_ref idref="oc-1f"/>
            <object_component_ref idref="oc-23"/>
            <object_component_ref idref="oc-28"/>
            <object_component_ref idref="oc-2b"/>
            <object_component_ref idref="oc-2e"/>
            <object_component_ref idref="oc-31"/>
            <object_component_ref idref="oc-34"/>
            <object_component_ref idref="oc-37"/>
            <object_component_ref idref="oc-3e"/>
            <object_component_ref idref="oc-43"/>
            <object_component_ref idref="oc-49"/>
            <object_component_ref idref="oc-4f"/>
            <object_component_ref idref="oc-55"/>
            <object_component_ref idref="oc-5b"/>
            <object_component_ref idref="oc-5d"/>
         </contents>
      </logical_group>
      <logical_group id="lg-7f">
         <name>.debug_abbrev</name>
         <load_address>0x0</load_address>
         <run_address>0x0</run_address>
         <size>0x1254</size>
         <contents>
            <object_component_ref idref="oc-14"/>
            <object_component_ref idref="oc-1a"/>
            <object_component_ref idref="oc-20"/>
            <object_component_ref idref="oc-24"/>
            <object_component_ref idref="oc-29"/>
            <object_component_ref idref="oc-2c"/>
            <object_component_ref idref="oc-2f"/>
            <object_component_ref idref="oc-32"/>
            <object_component_ref idref="oc-35"/>
            <object_component_ref idref="oc-38"/>
            <object_component_ref idref="oc-3c"/>
            <object_component_ref idref="oc-41"/>
            <object_component_ref idref="oc-47"/>
            <object_component_ref idref="oc-4d"/>
            <object_component_ref idref="oc-53"/>
            <object_component_ref idref="oc-59"/>
            <object_component_ref idref="oc-5e"/>
            <object_component_ref idref="oc-86"/>
         </contents>
      </logical_group>
      <logical_group id="lg-81">
         <name>.debug_frame</name>
         <load_address>0x0</load_address>
         <run_address>0x0</run_address>
         <size>0x59c</size>
         <contents>
            <object_component_ref idref="oc-18"/>
            <object_component_ref idref="oc-1e"/>
         </contents>
      </logical_group>
   </logical_group_list>
   <placement_map>
      <memory_area>
         <name>IVECS</name>
         <page_id>0x0</page_id>
         <origin>0x0</origin>
         <length>0x220</length>
         <used_space>0x200</used_space>
         <unused_space>0x20</unused_space>
         <attributes>RWIX</attributes>
         <usage_details>
            <allocated_space>
               <start_address>0x0</start_address>
               <size>0x200</size>
               <logical_group_ref idref="lg-3"/>
            </allocated_space>
            <available_space>
               <start_address>0x200</start_address>
               <size>0x20</size>
            </available_space>
         </usage_details>
      </memory_area>
      <memory_area>
         <name>IRAM</name>
         <page_id>0x0</page_id>
         <origin>0x220</origin>
         <length>0x2bde0</length>
         <used_space>0x476e</used_space>
         <unused_space>0x27672</unused_space>
         <attributes>RWIX</attributes>
         <usage_details>
            <allocated_space>
               <start_address>0x220</start_address>
               <size>0x0</size>
               <logical_group_ref idref="lg-5"/>
            </allocated_space>
            <allocated_space>
               <start_address>0x220</start_address>
               <size>0x2800</size>
               <logical_group_ref idref="lg-4"/>
            </allocated_space>
            <allocated_space>
               <start_address>0x2a20</start_address>
               <size>0x120a</size>
               <logical_group_ref idref="lg-b"/>
            </allocated_space>
            <available_space>
               <start_address>0x3c2a</start_address>
               <size>0x6</size>
            </available_space>
            <allocated_space>
               <start_address>0x3c30</start_address>
               <size>0xc04</size>
               <logical_group_ref idref="lg-6"/>
            </allocated_space>
            <available_space>
               <start_address>0x4834</start_address>
               <size>0x4</size>
            </available_space>
            <allocated_space>
               <start_address>0x4838</start_address>
               <size>0x100</size>
               <logical_group_ref idref="lg-7"/>
            </allocated_space>
            <allocated_space>
               <start_address>0x4938</start_address>
               <size>0x60</size>
               <logical_group_ref idref="lg-9"/>
            </allocated_space>
            <available_space>
               <start_address>0x4998</start_address>
               <size>0x27668</size>
            </available_space>
         </usage_details>
      </memory_area>
      <memory_area>
         <name>DATA_C</name>
         <page_id>0x0</page_id>
         <origin>0x2c000</origin>
         <length>0x4000</length>
         <used_space>0x0</used_space>
         <unused_space>0x4000</unused_space>
         <attributes>RWIX</attributes>
         <usage_details>
         </usage_details>
      </memory_area>
      <memory_area>
         <name>SDRAM</name>
         <page_id>0x0</page_id>
         <origin>0x80000000</origin>
         <length>0x100000</length>
         <used_space>0x0</used_space>
         <unused_space>0x100000</unused_space>
         <attributes>RWIX</attributes>
         <usage_details>
         </usage_details>
      </memory_area>
      <memory_area>
         <name>FLASH</name>
         <page_id>0x0</page_id>
         <origin>0x90000000</origin>
         <length>0x20000</length>
         <used_space>0x0</used_space>
         <unused_space>0x20000</unused_space>
         <attributes>RWIX</attributes>
         <usage_details>
         </usage_details>
      </memory_area>
   </placement_map>
   <symbol_table>
      <symbol id="sm-0">
         <name>cinit</name>
         <value>0x3c30</value>
      </symbol>
      <symbol id="sm-1">
         <name>___cinit__</name>
         <value>0x3c30</value>
      </symbol>
      <symbol id="sm-2">
         <name>pinit</name>
         <value>0xffffffff</value>
      </symbol>
      <symbol id="sm-3">
         <name>___pinit__</name>
         <value>0xffffffff</value>
      </symbol>
      <symbol id="sm-4">
         <name>binit</name>
         <value>0xffffffff</value>
      </symbol>
      <symbol id="sm-5">
         <name>___binit__</name>
         <value>0xffffffff</value>
      </symbol>
      <symbol id="sm-6">
         <name>__STACK_SIZE</name>
         <value>0x100</value>
      </symbol>
      <symbol id="sm-7">
         <name>__STACK_END</name>
         <value>0x4938</value>
      </symbol>
      <symbol id="sm-8">
         <name>___c_args__</name>
         <value>0xffffffff</value>
      </symbol>
      <symbol id="sm-9">
         <name>.text</name>
         <value>0x220</value>
      </symbol>
      <symbol id="sm-a">
         <name>___text__</name>
         <value>0x220</value>
      </symbol>
      <symbol id="sm-b">
         <name>etext</name>
         <value>0x2a20</value>
      </symbol>
      <symbol id="sm-c">
         <name>___etext__</name>
         <value>0x2a20</value>
      </symbol>
      <symbol id="sm-d">
         <name>.bss</name>
         <value>0x220</value>
      </symbol>
      <symbol id="sm-e">
         <name>___bss__</name>
         <value>0x220</value>
      </symbol>
      <symbol id="sm-f">
         <name>end</name>
         <value>0x220</value>
      </symbol>
      <symbol id="sm-10">
         <name>___end__</name>
         <value>0x220</value>
      </symbol>
      <symbol id="sm-11">
         <name>___TI_pprof_out_hndl</name>
         <value>0xffffffff</value>
      </symbol>
      <symbol id="sm-12">
         <name>___TI_prof_data_start</name>
         <value>0xffffffff</value>
      </symbol>
      <symbol id="sm-13">
         <name>___TI_prof_data_size</name>
         <value>0xffffffff</value>
      </symbol>
      <symbol id="sm-14">
         <name>$bss</name>
         <value>0x220</value>
      </symbol>
      <symbol id="sm-42">
         <name>_vector10</name>
         <value>0x140</value>
         <object_component_ref idref="oc-11"/>
      </symbol>
      <symbol id="sm-43">
         <name>_vector11</name>
         <value>0x160</value>
         <object_component_ref idref="oc-11"/>
      </symbol>
      <symbol id="sm-44">
         <name>_vector12</name>
         <value>0x180</value>
         <object_component_ref idref="oc-11"/>
      </symbol>
      <symbol id="sm-45">
         <name>_vector13</name>
         <value>0x1a0</value>
         <object_component_ref idref="oc-11"/>
      </symbol>
      <symbol id="sm-46">
         <name>_vector14</name>
         <value>0x1c0</value>
         <object_component_ref idref="oc-11"/>
      </symbol>
      <symbol id="sm-47">
         <name>_vector15</name>
         <value>0x1e0</value>
         <object_component_ref idref="oc-11"/>
      </symbol>
      <symbol id="sm-48">
         <name>_vectors</name>
         <value>0x0</value>
         <object_component_ref idref="oc-11"/>
      </symbol>
      <symbol id="sm-49">
         <name>_vector1</name>
         <value>0x20</value>
         <object_component_ref idref="oc-11"/>
      </symbol>
      <symbol id="sm-4a">
         <name>_vector3</name>
         <value>0x60</value>
         <object_component_ref idref="oc-11"/>
      </symbol>
      <symbol id="sm-4b">
         <name>_vector2</name>
         <value>0x40</value>
         <object_component_ref idref="oc-11"/>
      </symbol>
      <symbol id="sm-4c">
         <name>_vector5</name>
         <value>0xa0</value>
         <object_component_ref idref="oc-11"/>
      </symbol>
      <symbol id="sm-4d">
         <name>_vector4</name>
         <value>0x80</value>
         <object_component_ref idref="oc-11"/>
      </symbol>
      <symbol id="sm-4e">
         <name>_vector7</name>
         <value>0xe0</value>
         <object_component_ref idref="oc-11"/>
      </symbol>
      <symbol id="sm-4f">
         <name>_vector6</name>
         <value>0xc0</value>
         <object_component_ref idref="oc-11"/>
      </symbol>
      <symbol id="sm-50">
         <name>_vector9</name>
         <value>0x120</value>
         <object_component_ref idref="oc-11"/>
      </symbol>
      <symbol id="sm-51">
         <name>_vector8</name>
         <value>0x100</value>
         <object_component_ref idref="oc-11"/>
      </symbol>
      <symbol id="sm-8d">
         <name>_comm_poll</name>
         <value>0x11b8</value>
         <object_component_ref idref="oc-6b"/>
      </symbol>
      <symbol id="sm-8e">
         <name>_output_left_sample</name>
         <value>0xe20</value>
         <object_component_ref idref="oc-6b"/>
      </symbol>
      <symbol id="sm-8f">
         <name>_comm_intr</name>
         <value>0x11ec</value>
         <object_component_ref idref="oc-6b"/>
      </symbol>
      <symbol id="sm-90">
         <name>_input_left_sample</name>
         <value>0xff8</value>
         <object_component_ref idref="oc-6b"/>
      </symbol>
      <symbol id="sm-91">
         <name>_output_sample</name>
         <value>0xcc0</value>
         <object_component_ref idref="oc-6b"/>
      </symbol>
      <symbol id="sm-92">
         <name>_c6713_dsk_init</name>
         <value>0x1084</value>
         <object_component_ref idref="oc-6b"/>
      </symbol>
      <symbol id="sm-93">
         <name>_config</name>
         <value>0x3b68</value>
         <object_component_ref idref="oc-17"/>
      </symbol>
      <symbol id="sm-94">
         <name>_input_right_sample</name>
         <value>0xf68</value>
         <object_component_ref idref="oc-6b"/>
      </symbol>
      <symbol id="sm-95">
         <name>_AIC_data</name>
         <value>0x3b3c</value>
         <object_component_ref idref="oc-17"/>
      </symbol>
      <symbol id="sm-96">
         <name>_hAIC23_handle</name>
         <value>0x3b90</value>
         <object_component_ref idref="oc-17"/>
      </symbol>
      <symbol id="sm-97">
         <name>_AIC23CfgData</name>
         <value>0x3b48</value>
         <object_component_ref idref="oc-17"/>
      </symbol>
      <symbol id="sm-98">
         <name>_input_sample</name>
         <value>0xec0</value>
         <object_component_ref idref="oc-6b"/>
      </symbol>
      <symbol id="sm-99">
         <name>_output_right_sample</name>
         <value>0xd74</value>
         <object_component_ref idref="oc-6b"/>
      </symbol>
      <symbol id="sm-ff">
         <name>_main</name>
         <value>0x220</value>
         <object_component_ref idref="oc-68"/>
      </symbol>
      <symbol id="sm-100">
         <name>_YnBuffer</name>
         <value>0x366c</value>
         <object_component_ref idref="oc-1d"/>
      </symbol>
      <symbol id="sm-101">
         <name>_Qn_2MulQn_2</name>
         <value>0x3a08</value>
         <object_component_ref idref="oc-1d"/>
      </symbol>
      <symbol id="sm-102">
         <name>_Qn</name>
         <value>0x39ac</value>
         <object_component_ref idref="oc-1d"/>
      </symbol>
      <symbol id="sm-103">
         <name>_CoeffMulQn_1MulQn_2</name>
         <value>0x3a10</value>
         <object_component_ref idref="oc-1d"/>
      </symbol>
      <symbol id="sm-104">
         <name>_fmax</name>
         <value>0x3992</value>
         <object_component_ref idref="oc-1d"/>
      </symbol>
      <symbol id="sm-105">
         <name>_ModuleMaxSuivant</name>
         <value>0x3a1c</value>
         <object_component_ref idref="oc-1d"/>
      </symbol>
      <symbol id="sm-106">
         <name>_IntgC</name>
         <value>0x39dc</value>
         <object_component_ref idref="oc-1d"/>
      </symbol>
      <symbol id="sm-107">
         <name>_XnPlusCoeffMulQn_1</name>
         <value>0x39fc</value>
         <object_component_ref idref="oc-1d"/>
      </symbol>
      <symbol id="sm-108">
         <name>_Xn_32bit</name>
         <value>0x39f4</value>
         <object_component_ref idref="oc-1d"/>
      </symbol>
      <symbol id="sm-109">
         <name>_Np</name>
         <value>0x3998</value>
         <object_component_ref idref="oc-1d"/>
      </symbol>
      <symbol id="sm-10a">
         <name>_XnPlusCoeffMulQn_1MoinsQn_2</name>
         <value>0x3a00</value>
         <object_component_ref idref="oc-1d"/>
      </symbol>
      <symbol id="sm-10b">
         <name>_XnBuffer</name>
         <value>0x3348</value>
         <object_component_ref idref="oc-1d"/>
      </symbol>
      <symbol id="sm-10c">
         <name>_Qn_1MulQn_1</name>
         <value>0x3a04</value>
         <object_component_ref idref="oc-1d"/>
      </symbol>
      <symbol id="sm-10d">
         <name>_Fx</name>
         <value>0x3994</value>
         <object_component_ref idref="oc-1d"/>
      </symbol>
      <symbol id="sm-10e">
         <name>_TabTrace</name>
         <value>0x399c</value>
         <object_component_ref idref="oc-1d"/>
      </symbol>
      <symbol id="sm-10f">
         <name>_Coeff</name>
         <value>0x39e0</value>
         <object_component_ref idref="oc-1d"/>
      </symbol>
      <symbol id="sm-110">
         <name>_Qn_1MulQn_1PlusQn_2MulQn_2</name>
         <value>0x3a0c</value>
         <object_component_ref idref="oc-1d"/>
      </symbol>
      <symbol id="sm-111">
         <name>_fs</name>
         <value>0x3340</value>
         <object_component_ref idref="oc-1d"/>
      </symbol>
      <symbol id="sm-112">
         <name>_CoeffMulQn_1</name>
         <value>0x39f0</value>
         <object_component_ref idref="oc-1d"/>
      </symbol>
      <symbol id="sm-113">
         <name>_Seuil_Detection</name>
         <value>0x3a40</value>
         <object_component_ref idref="oc-1d"/>
      </symbol>
      <symbol id="sm-114">
         <name>_Qn_2</name>
         <value>0x39cc</value>
         <object_component_ref idref="oc-1d"/>
      </symbol>
      <symbol id="sm-115">
         <name>_Qn_1</name>
         <value>0x39bc</value>
         <object_component_ref idref="oc-1d"/>
      </symbol>
      <symbol id="sm-116">
         <name>_Module</name>
         <value>0x3a20</value>
         <object_component_ref idref="oc-1d"/>
      </symbol>
      <symbol id="sm-117">
         <name>_t</name>
         <value>0x3a44</value>
         <object_component_ref idref="oc-1d"/>
      </symbol>
      <symbol id="sm-118">
         <name>_j</name>
         <value>0x398e</value>
         <object_component_ref idref="oc-1d"/>
      </symbol>
      <symbol id="sm-119">
         <name>_i</name>
         <value>0x398c</value>
         <object_component_ref idref="oc-1d"/>
      </symbol>
      <symbol id="sm-11a">
         <name>_h</name>
         <value>0x2a20</value>
         <object_component_ref idref="oc-1d"/>
      </symbol>
      <symbol id="sm-11b">
         <name>_f</name>
         <value>0x3990</value>
         <object_component_ref idref="oc-1d"/>
      </symbol>
      <symbol id="sm-11c">
         <name>_TablePulse</name>
         <value>0x2d40</value>
         <object_component_ref idref="oc-1d"/>
      </symbol>
      <symbol id="sm-11d">
         <name>_ModuleMaximum</name>
         <value>0x3a18</value>
         <object_component_ref idref="oc-1d"/>
      </symbol>
      <symbol id="sm-11e">
         <name>_Yn</name>
         <value>0x3346</value>
         <object_component_ref idref="oc-1d"/>
      </symbol>
      <symbol id="sm-11f">
         <name>_Qn_2_32bit</name>
         <value>0x39f8</value>
         <object_component_ref idref="oc-1d"/>
      </symbol>
      <symbol id="sm-120">
         <name>_canal_libre</name>
         <value>0x3996</value>
         <object_component_ref idref="oc-1d"/>
      </symbol>
      <symbol id="sm-121">
         <name>_Xn</name>
         <value>0x3344</value>
         <object_component_ref idref="oc-1d"/>
      </symbol>
      <symbol id="sm-12d">
         <name>_c_int00</name>
         <value>0x2900</value>
         <object_component_ref idref="oc-f"/>
      </symbol>
      <symbol id="sm-12e">
         <name>__stack</name>
         <value>0x4838</value>
         <object_component_ref idref="oc-22"/>
      </symbol>
      <symbol id="sm-13e">
         <name>C$$EXIT</name>
         <value>0x29e0</value>
         <object_component_ref idref="oc-69"/>
      </symbol>
      <symbol id="sm-13f">
         <name>_exit</name>
         <value>0x2580</value>
         <object_component_ref idref="oc-61"/>
      </symbol>
      <symbol id="sm-140">
         <name>___TI_enable_exit_profile_output</name>
         <value>0x3c1c</value>
         <object_component_ref idref="oc-27"/>
      </symbol>
      <symbol id="sm-141">
         <name>_abort</name>
         <value>0x29e0</value>
         <object_component_ref idref="oc-69"/>
      </symbol>
      <symbol id="sm-142">
         <name>__cleanup_ptr</name>
         <value>0x3c14</value>
         <object_component_ref idref="oc-27"/>
      </symbol>
      <symbol id="sm-143">
         <name>__dtors_ptr</name>
         <value>0x3c18</value>
         <object_component_ref idref="oc-27"/>
      </symbol>
      <symbol id="sm-14d">
         <name>__args_main</name>
         <value>0x2980</value>
         <object_component_ref idref="oc-60"/>
      </symbol>
      <symbol id="sm-14e">
         <name>__TI_args_main</name>
         <value>0x1</value>
      </symbol>
      <symbol id="sm-158">
         <name>__auto_init</name>
         <value>0x23a0</value>
         <object_component_ref idref="oc-5f"/>
      </symbol>
      <symbol id="sm-162">
         <name>___TI_cpp_init</name>
         <value>0x2880</value>
         <object_component_ref idref="oc-67"/>
      </symbol>
      <symbol id="sm-16c">
         <name>_copy_in</name>
         <value>0x2660</value>
         <object_component_ref idref="oc-65"/>
      </symbol>
      <symbol id="sm-176">
         <name>_memcpy</name>
         <value>0x1aa0</value>
         <object_component_ref idref="oc-66"/>
      </symbol>
      <symbol id="sm-188">
         <name>__IRQ_eventTable</name>
         <value>0x3a70</value>
         <object_component_ref idref="oc-3b"/>
      </symbol>
      <symbol id="sm-189">
         <name>__IRQ_intTable</name>
         <value>0x3af4</value>
         <object_component_ref idref="oc-3b"/>
      </symbol>
      <symbol id="sm-18a">
         <name>_IRQ_map</name>
         <value>0x1ce0</value>
         <object_component_ref idref="oc-6c"/>
      </symbol>
      <symbol id="sm-18b">
         <name>__IRQ_dispatchTable</name>
         <value>0x3b34</value>
         <object_component_ref idref="oc-3b"/>
      </symbol>
      <symbol id="sm-18c">
         <name>__IRQ_hookFetchPacket</name>
         <value>0x2a00</value>
         <object_component_ref idref="oc-39"/>
      </symbol>
      <symbol id="sm-19e">
         <name>_MCBSP_reset</name>
         <value>0x1ea0</value>
         <object_component_ref idref="oc-6a"/>
      </symbol>
      <symbol id="sm-19f">
         <name>_MCBSP_open</name>
         <value>0x21a0</value>
         <object_component_ref idref="oc-63"/>
      </symbol>
      <symbol id="sm-1a0">
         <name>__MCBSP_hDev0</name>
         <value>0x3bc4</value>
         <object_component_ref idref="oc-40"/>
      </symbol>
      <symbol id="sm-1a1">
         <name>__MCBSP_hDev1</name>
         <value>0x3bc8</value>
         <object_component_ref idref="oc-40"/>
      </symbol>
      <symbol id="sm-1a2">
         <name>_MCBSP_start</name>
         <value>0x22a0</value>
         <object_component_ref idref="oc-64"/>
      </symbol>
      <symbol id="sm-1b0">
         <name>_DSK6713_init</name>
         <value>0x134c</value>
         <object_component_ref idref="oc-44"/>
      </symbol>
      <symbol id="sm-1b1">
         <name>_DSK6713_version</name>
         <value>0x3c28</value>
         <object_component_ref idref="oc-45"/>
      </symbol>
      <symbol id="sm-1b2">
         <name>_DSK6713_rget</name>
         <value>0x1668</value>
         <object_component_ref idref="oc-44"/>
      </symbol>
      <symbol id="sm-1b3">
         <name>_DSK6713_wait</name>
         <value>0x1690</value>
         <object_component_ref idref="oc-44"/>
      </symbol>
      <symbol id="sm-1b4">
         <name>_DSK6713_rset</name>
         <value>0x167c</value>
         <object_component_ref idref="oc-44"/>
      </symbol>
      <symbol id="sm-1b5">
         <name>_DSK6713_waitusec</name>
         <value>0x16e8</value>
         <object_component_ref idref="oc-44"/>
      </symbol>
      <symbol id="sm-1b6">
         <name>_DSK6713_getVersion</name>
         <value>0x1714</value>
         <object_component_ref idref="oc-44"/>
      </symbol>
      <symbol id="sm-1c4">
         <name>_DSK6713_AIC23_codeccontrolhandle</name>
         <value>0x3c20</value>
         <object_component_ref idref="oc-4b"/>
      </symbol>
      <symbol id="sm-1c5">
         <name>_DSK6713_AIC23_codecdatahandle</name>
         <value>0x3c24</value>
         <object_component_ref idref="oc-4b"/>
      </symbol>
      <symbol id="sm-1c6">
         <name>_DSK6713_AIC23_openCodec</name>
         <value>0x1780</value>
         <object_component_ref idref="oc-4a"/>
      </symbol>
      <symbol id="sm-1d4">
         <name>_DSK6713_AIC23_config</name>
         <value>0x2100</value>
         <object_component_ref idref="oc-50"/>
      </symbol>
      <symbol id="sm-1d5">
         <name>_DSK6713_AIC23_rget</name>
         <value>0x20dc</value>
         <object_component_ref idref="oc-50"/>
      </symbol>
      <symbol id="sm-1d6">
         <name>_DSK6713_AIC23_rset</name>
         <value>0x2040</value>
         <object_component_ref idref="oc-50"/>
      </symbol>
      <symbol id="sm-1e4">
         <name>_DSK6713_AIC23_setFreq</name>
         <value>0x2720</value>
         <object_component_ref idref="oc-56"/>
      </symbol>
      <symbol id="sm-1ec">
         <name>__strasg</name>
         <value>0x24a0</value>
         <object_component_ref idref="oc-62"/>
      </symbol>
   </symbol_table>
</link_info>
