******************************************************************************
               TMS320C6x Linker PC v7.4.18                     
******************************************************************************
>> Linked Fri Dec 29 11:53:11 2017

OUTPUT FILE NAME:   <TP3_Goertzel.out>
ENTRY POINT SYMBOL: "_c_int00"  address: 00002920


MEMORY CONFIGURATION

         name            origin    length      used     unused   attr    fill
----------------------  --------  ---------  --------  --------  ----  --------
  IVECS                 00000000   00000220  00000200  00000020  RWIX
  IRAM                  00000220   0002bde0  0000478e  00027652  RWIX
  DATA_C                0002c000   00004000  00000000  00004000  RWIX
  SDRAM                 80000000   00100000  00000000  00100000  RWIX
  FLASH                 90000000   00020000  00000000  00020000  RWIX


SECTION ALLOCATION MAP

 output                                  attributes/
section   page    origin      length       input sections
--------  ----  ----------  ----------   ----------------
.vecs      0    00000000    00000200     
                  00000000    00000200     Vectors_poll.obj (.vecs)

.bss       0    00000220    00000000     UNINITIALIZED

.text      0    00000220    00002820     
                  00000220    00000ac0     main.obj (.text)
                  00000ce0    00000640     c6713dskinit.obj (.text)
                  00001320    00000480     dsk6713bsl.lib : dsk6713.obj (.text)
                  000017a0    00000320                    : dsk6713_aic23_opencodec.obj (.text)
                  00001ac0    00000240     rts6700.lib : memcpy62.obj (.text:_memcpy)
                  00001d00    000001c0     csl6713.lib : csl_irq.obj (.text:_IRQ_map)
                  00001ec0    000001a0                 : csl_mcbsp.obj (.text:_MCBSP_reset)
                  00002060    00000160     dsk6713bsl.lib : dsk6713_aic23_registers.obj (.text)
                  000021c0    00000100     csl6713.lib : csl_mcbsp.obj (.text:_MCBSP_open)
                  000022c0    00000100                 : csl_mcbsp.obj (.text:_MCBSP_start)
                  000023c0    00000100     rts6700.lib : autoinit.obj (.text:__auto_init)
                  000024c0    000000e0                 : strasg.obj (.text:__strasg)
                  000025a0    000000e0                 : exit.obj (.text:_exit)
                  00002680    000000c0                 : cpy_tbl.obj (.text:_copy_in)
                  00002740    000000c0     dsk6713bsl.lib : dsk6713_aic23_setfreq.obj (.text)
                  00002800    000000a0     csl6713.lib : csl_irq.obj (.text:_setMux)
                  000028a0    00000080     rts6700.lib : cpp_init.obj (.text:___TI_cpp_init)
                  00002920    00000080                 : boot.obj (.text:_c_int00)
                  000029a0    00000040                 : args_main.obj (.text:__args_main)
                  000029e0    00000020     Vectors_poll.obj (.text)
                  00002a00    00000020     rts6700.lib : exit.obj (.text:_abort)
                  00002a20    00000020     csl6713.lib : csl_irq.obj (.text)

.far       0    00002a40    0000120a     UNINITIALIZED
                  00002a40    00001028     main.obj (.far)
                  00003a68    000000f4     csl6713.lib : csl_irq.obj (.far)
                  00003b5c    00000058     c6713dskinit.obj (.far)
                  00003bb4    00000038     csl6713.lib : csl_mcbsp.obj (.far)
                  00003bec    00000028     dsk6713bsl.lib : dsk6713_aic23_registers.obj (.far)
                  00003c14    00000020                    : dsk6713_aic23_setfreq.obj (.far)
                  00003c34    0000000c     rts6700.lib : exit.obj (.far)
                  00003c40    00000008     dsk6713bsl.lib : dsk6713_aic23_opencodec.obj (.far)
                  00003c48    00000002                    : dsk6713.obj (.far)

.cinit     0    00003c50    00000c04     
                  00003c50    00000994     main.obj (.cinit)
                  000045e4    00000004     --HOLE-- [fill = 0]
                  000045e8    0000012c     csl6713.lib : csl_irq.obj (.cinit)
                  00004714    00000004     --HOLE-- [fill = 0]
                  00004718    00000058     c6713dskinit.obj (.cinit)
                  00004770    00000054     csl6713.lib : csl_mcbsp.obj (.cinit)
                  000047c4    00000004     --HOLE-- [fill = 0]
                  000047c8    00000030     dsk6713bsl.lib : dsk6713_aic23_registers.obj (.cinit)
                  000047f8    0000002c     rts6700.lib : exit.obj (.cinit)
                  00004824    00000004     --HOLE-- [fill = 0]
                  00004828    00000028     dsk6713bsl.lib : dsk6713_aic23_setfreq.obj (.cinit)
                  00004850    00000004     --HOLE-- [fill = 0]

.stack     0    00004858    00000100     UNINITIALIZED
                  00004858    00000008     rts6700.lib : boot.obj (.stack)
                  00004860    000000f8     --HOLE--

.const     0    00004958    00000060     
                  00004958    00000040     dsk6713bsl.lib : dsk6713_aic23_opencodec.obj (.const)
                  00004998    00000020                    : dsk6713.obj (.const)


GLOBAL SYMBOLS: SORTED ALPHABETICALLY BY Name 

address    name
--------   ----
00000220   $bss
00000220   .bss
00000220   .text
00002a00   C$$EXIT
00003b68   _AIC23CfgData
00003b5c   _AIC_data
00003a00   _Coeff
00003a10   _CoeffMulQn_1
00003a30   _CoeffMulQn_1MulQn_2
00003c40   _DSK6713_AIC23_codeccontrolhandle
00003c44   _DSK6713_AIC23_codecdatahandle
00002120   _DSK6713_AIC23_config
000017a0   _DSK6713_AIC23_openCodec
000020fc   _DSK6713_AIC23_rget
00002060   _DSK6713_AIC23_rset
00002740   _DSK6713_AIC23_setFreq
00001734   _DSK6713_getVersion
0000136c   _DSK6713_init
00001688   _DSK6713_rget
0000169c   _DSK6713_rset
00003c48   _DSK6713_version
000016b0   _DSK6713_wait
00001708   _DSK6713_waitusec
000039b4   _Fx
00001d00   _IRQ_map
000039fc   _IntgC
000021c0   _MCBSP_open
00001ec0   _MCBSP_reset
000022c0   _MCBSP_start
00003a40   _Module
00003a3c   _ModuleMaxSuivant
00003a38   _ModuleMaximum
000039b8   _Np
000039cc   _Qn
000039dc   _Qn_1
00003a24   _Qn_1MulQn_1
00003a2c   _Qn_1MulQn_1PlusQn_2MulQn_2
000039ec   _Qn_2
00003a28   _Qn_2MulQn_2
00003a18   _Qn_2_32bit
00003a60   _Seuil_Detection
000039bc   _TabTrace
00002d60   _TablePulse
00003364   _Xn
00003368   _XnBuffer
00003a1c   _XnPlusCoeffMulQn_1
00003a20   _XnPlusCoeffMulQn_1MoinsQn_2
00003a14   _Xn_32bit
00003366   _Yn
0000368c   _YnBuffer
00003b54   __IRQ_dispatchTable
00003a90   __IRQ_eventTable
00002a20   __IRQ_hookFetchPacket
00003b14   __IRQ_intTable
00003be4   __MCBSP_hDev0
00003be8   __MCBSP_hDev1
00004958   __STACK_END
00000100   __STACK_SIZE
00000001   __TI_args_main
000028a0   ___TI_cpp_init
00003c3c   ___TI_enable_exit_profile_output
ffffffff   ___TI_pprof_out_hndl
ffffffff   ___TI_prof_data_size
ffffffff   ___TI_prof_data_start
ffffffff   ___binit__
00000220   ___bss__
ffffffff   ___c_args__
00003c50   ___cinit__
00000220   ___end__
00002a40   ___etext__
ffffffff   ___pinit__
00000220   ___text__
000029a0   __args_main
000023c0   __auto_init
00003c34   __cleanup_ptr
00003c38   __dtors_ptr
00004858   __stack
000024c0   __strasg
00002a00   _abort
000010a4   _c6713_dsk_init
00002920   _c_int00
000039b6   _canal_libre
0000120c   _comm_intr
000011d8   _comm_poll
00003b88   _config
00002680   _copy_in
000025a0   _exit
000039b0   _f
000039b2   _fmax
00003360   _fs
00002a40   _h
00003bb0   _hAIC23_handle
000039ac   _i
00001018   _input_left_sample
00000f88   _input_right_sample
00000ee0   _input_sample
000039ae   _j
00000220   _main
00001ac0   _memcpy
00000e40   _output_left_sample
00000d94   _output_right_sample
00000ce0   _output_sample
00003a64   _t
00000020   _vector1
00000140   _vector10
00000160   _vector11
00000180   _vector12
000001a0   _vector13
000001c0   _vector14
000001e0   _vector15
00000040   _vector2
00000060   _vector3
00000080   _vector4
000000a0   _vector5
000000c0   _vector6
000000e0   _vector7
00000100   _vector8
00000120   _vector9
00000000   _vectors
ffffffff   binit
00003c50   cinit
00000220   end
00002a40   etext
ffffffff   pinit


GLOBAL SYMBOLS: SORTED BY Symbol Address 

address    name
--------   ----
00000000   _vectors
00000001   __TI_args_main
00000020   _vector1
00000040   _vector2
00000060   _vector3
00000080   _vector4
000000a0   _vector5
000000c0   _vector6
000000e0   _vector7
00000100   __STACK_SIZE
00000100   _vector8
00000120   _vector9
00000140   _vector10
00000160   _vector11
00000180   _vector12
000001a0   _vector13
000001c0   _vector14
000001e0   _vector15
00000220   $bss
00000220   .bss
00000220   .text
00000220   ___bss__
00000220   ___end__
00000220   ___text__
00000220   _main
00000220   end
00000ce0   _output_sample
00000d94   _output_right_sample
00000e40   _output_left_sample
00000ee0   _input_sample
00000f88   _input_right_sample
00001018   _input_left_sample
000010a4   _c6713_dsk_init
000011d8   _comm_poll
0000120c   _comm_intr
0000136c   _DSK6713_init
00001688   _DSK6713_rget
0000169c   _DSK6713_rset
000016b0   _DSK6713_wait
00001708   _DSK6713_waitusec
00001734   _DSK6713_getVersion
000017a0   _DSK6713_AIC23_openCodec
00001ac0   _memcpy
00001d00   _IRQ_map
00001ec0   _MCBSP_reset
00002060   _DSK6713_AIC23_rset
000020fc   _DSK6713_AIC23_rget
00002120   _DSK6713_AIC23_config
000021c0   _MCBSP_open
000022c0   _MCBSP_start
000023c0   __auto_init
000024c0   __strasg
000025a0   _exit
00002680   _copy_in
00002740   _DSK6713_AIC23_setFreq
000028a0   ___TI_cpp_init
00002920   _c_int00
000029a0   __args_main
00002a00   C$$EXIT
00002a00   _abort
00002a20   __IRQ_hookFetchPacket
00002a40   ___etext__
00002a40   _h
00002a40   etext
00002d60   _TablePulse
00003360   _fs
00003364   _Xn
00003366   _Yn
00003368   _XnBuffer
0000368c   _YnBuffer
000039ac   _i
000039ae   _j
000039b0   _f
000039b2   _fmax
000039b4   _Fx
000039b6   _canal_libre
000039b8   _Np
000039bc   _TabTrace
000039cc   _Qn
000039dc   _Qn_1
000039ec   _Qn_2
000039fc   _IntgC
00003a00   _Coeff
00003a10   _CoeffMulQn_1
00003a14   _Xn_32bit
00003a18   _Qn_2_32bit
00003a1c   _XnPlusCoeffMulQn_1
00003a20   _XnPlusCoeffMulQn_1MoinsQn_2
00003a24   _Qn_1MulQn_1
00003a28   _Qn_2MulQn_2
00003a2c   _Qn_1MulQn_1PlusQn_2MulQn_2
00003a30   _CoeffMulQn_1MulQn_2
00003a38   _ModuleMaximum
00003a3c   _ModuleMaxSuivant
00003a40   _Module
00003a60   _Seuil_Detection
00003a64   _t
00003a90   __IRQ_eventTable
00003b14   __IRQ_intTable
00003b54   __IRQ_dispatchTable
00003b5c   _AIC_data
00003b68   _AIC23CfgData
00003b88   _config
00003bb0   _hAIC23_handle
00003be4   __MCBSP_hDev0
00003be8   __MCBSP_hDev1
00003c34   __cleanup_ptr
00003c38   __dtors_ptr
00003c3c   ___TI_enable_exit_profile_output
00003c40   _DSK6713_AIC23_codeccontrolhandle
00003c44   _DSK6713_AIC23_codecdatahandle
00003c48   _DSK6713_version
00003c50   ___cinit__
00003c50   cinit
00004858   __stack
00004958   __STACK_END
ffffffff   ___TI_pprof_out_hndl
ffffffff   ___TI_prof_data_size
ffffffff   ___TI_prof_data_start
ffffffff   ___binit__
ffffffff   ___c_args__
ffffffff   ___pinit__
ffffffff   binit
ffffffff   pinit

[124 symbols]
