******************************************************************************
               TMS320C6x Linker PC v7.4.18                     
******************************************************************************
>> Linked Tue Dec 05 10:24:52 2017

OUTPUT FILE NAME:   <TP1_GennSignaux.out>
ENTRY POINT SYMBOL: "_c_int00"  address: 00002240


MEMORY CONFIGURATION

         name            origin    length      used     unused   attr    fill
----------------------  --------  ---------  --------  --------  ----  --------
  IVECS                 00000000   00000220  00000200  00000020  RWIX
  IRAM                  00000220   0002bde0  00002a7e  00029362  RWIX
  DATA_C                0002c000   00004000  00000000  00004000  RWIX
  SDRAM                 80000000   00100000  00000000  00100000  RWIX
  FLASH                 90000000   00020000  00000000  00020000  RWIX


SECTION ALLOCATION MAP

 output                                  attributes/
section   page    origin      length       input sections
--------  ----  ----------  ----------   ----------------
.vecs      0    00000000    00000200     
                  00000000    00000200     Vectors_intr.obj (.vecs)

.bss       0    00000220    00000000     UNINITIALIZED

.text      0    00000220    000022e0     
                  00000220    000007a0     c6713dskinit.obj (.text)
                  000009c0    00000480     dsk6713bsl.lib : dsk6713.obj (.text)
                  00000e40    00000320                    : dsk6713_aic23_opencodec.obj (.text)
                  00001160    00000240     rts6700.lib : memcpy62.obj (.text:_memcpy)
                  000013a0    000001e0     main.obj (.text:retain)
                  00001580    000001c0     csl6713.lib : csl_irq.obj (.text:_IRQ_map)
                  00001740    000001a0                 : csl_mcbsp.obj (.text:_MCBSP_reset)
                  000018e0    00000160     dsk6713bsl.lib : dsk6713_aic23_registers.obj (.text)
                  00001a40    00000100     csl6713.lib : csl_mcbsp.obj (.text:_MCBSP_open)
                  00001b40    00000100                 : csl_mcbsp.obj (.text:_MCBSP_start)
                  00001c40    00000100     rts6700.lib : autoinit.obj (.text:__auto_init)
                  00001d40    000000e0                 : strasg.obj (.text:__strasg)
                  00001e20    000000e0                 : exit.obj (.text:_exit)
                  00001f00    000000c0                 : cpy_tbl.obj (.text:_copy_in)
                  00001fc0    000000c0     dsk6713bsl.lib : dsk6713_aic23_setfreq.obj (.text)
                  00002080    000000a0     csl6713.lib : csl_mcbsp.obj (.text:_MCBSP_config)
                  00002120    000000a0                 : csl_irq.obj (.text:_setMux)
                  000021c0    00000080     rts6700.lib : cpp_init.obj (.text:___TI_cpp_init)
                  00002240    00000080                 : boot.obj (.text:_c_int00)
                  000022c0    00000040     csl6713.lib : csl_irq.obj (.text:_IRQ_enable)
                  00002300    00000040                 : csl_irq.obj (.text:_IRQ_reset)
                  00002340    00000040     rts6700.lib : args_main.obj (.text:__args_main)
                  00002380    00000020     Vectors_intr.obj (.text)
                  000023a0    00000020     csl6713.lib : csl_irq.obj (.text:_IRQ_globalDisable)
                  000023c0    00000020                 : csl_irq.obj (.text:_IRQ_globalEnable)
                  000023e0    00000020                 : csl_irq.obj (.text:_IRQ_nmiEnable)
                  00002400    00000020                 : csl_mcbsp.obj (.text:_MCBSP_getXmtEventId)
                  00002420    00000020                 : csl_mcbsp.obj (.text:_MCBSP_read)
                  00002440    00000020                 : csl_mcbsp.obj (.text:_MCBSP_rrdy)
                  00002460    00000020                 : csl_mcbsp.obj (.text:_MCBSP_write)
                  00002480    00000020                 : csl_mcbsp.obj (.text:_MCBSP_xrdy)
                  000024a0    00000020     rts6700.lib : exit.obj (.text:_abort)
                  000024c0    00000020     csl6713.lib : csl_irq.obj (.text)
                  000024e0    00000020     main.obj (.text)

.cinit     0    00002500    00000344     
                  00002500    0000012c     csl6713.lib : csl_irq.obj (.cinit)
                  0000262c    00000004     --HOLE-- [fill = 0]
                  00002630    000000d4     main.obj (.cinit)
                  00002704    00000004     --HOLE-- [fill = 0]
                  00002708    00000058     c6713dskinit.obj (.cinit)
                  00002760    00000054     csl6713.lib : csl_mcbsp.obj (.cinit)
                  000027b4    00000004     --HOLE-- [fill = 0]
                  000027b8    00000030     dsk6713bsl.lib : dsk6713_aic23_registers.obj (.cinit)
                  000027e8    0000002c     rts6700.lib : exit.obj (.cinit)
                  00002814    00000004     --HOLE-- [fill = 0]
                  00002818    00000028     dsk6713bsl.lib : dsk6713_aic23_setfreq.obj (.cinit)
                  00002840    00000004     --HOLE-- [fill = 0]

.far       0    00002844    000002fa     UNINITIALIZED
                  00002844    00000118     main.obj (.far)
                  0000295c    000000f4     csl6713.lib : csl_irq.obj (.far)
                  00002a50    00000058     c6713dskinit.obj (.far)
                  00002aa8    00000038     csl6713.lib : csl_mcbsp.obj (.far)
                  00002ae0    00000028     dsk6713bsl.lib : dsk6713_aic23_registers.obj (.far)
                  00002b08    00000020                    : dsk6713_aic23_setfreq.obj (.far)
                  00002b28    0000000c     rts6700.lib : exit.obj (.far)
                  00002b34    00000008     dsk6713bsl.lib : dsk6713_aic23_opencodec.obj (.far)
                  00002b3c    00000002                    : dsk6713.obj (.far)

.stack     0    00002b40    00000100     UNINITIALIZED
                  00002b40    00000008     rts6700.lib : boot.obj (.stack)
                  00002b48    000000f8     --HOLE--

.const     0    00002c40    00000060     
                  00002c40    00000040     dsk6713bsl.lib : dsk6713_aic23_opencodec.obj (.const)
                  00002c80    00000020                    : dsk6713.obj (.const)


GLOBAL SYMBOLS: SORTED ALPHABETICALLY BY Name 

address    name
--------   ----
00000220   $bss
00000220   .bss
00000220   .text
000024a0   C$$EXIT
00002a5c   _AIC23CfgData
00002a50   _AIC_data
00002b34   _DSK6713_AIC23_codeccontrolhandle
00002b38   _DSK6713_AIC23_codecdatahandle
000019a0   _DSK6713_AIC23_config
00000e40   _DSK6713_AIC23_openCodec
0000197c   _DSK6713_AIC23_rget
000018e0   _DSK6713_AIC23_rset
00001fc0   _DSK6713_AIC23_setFreq
00000dd4   _DSK6713_getVersion
00000a0c   _DSK6713_init
00000d28   _DSK6713_rget
00000d3c   _DSK6713_rset
00002b3c   _DSK6713_version
00000d50   _DSK6713_wait
00000da8   _DSK6713_waitusec
00002954   _GAIN
000022c0   _IRQ_enable
000023a0   _IRQ_globalDisable
000023c0   _IRQ_globalEnable
00001580   _IRQ_map
000023e0   _IRQ_nmiEnable
00002300   _IRQ_reset
00002080   _MCBSP_config
00002400   _MCBSP_getXmtEventId
00001a40   _MCBSP_open
00002420   _MCBSP_read
00001740   _MCBSP_reset
00002440   _MCBSP_rrdy
00001b40   _MCBSP_start
00002460   _MCBSP_write
00002480   _MCBSP_xrdy
00002958   _STEP
00002848   _SinTable
000028c8   _Xn
000028cc   _XnBuffer
00002a48   __IRQ_dispatchTable
00002984   __IRQ_eventTable
000024c0   __IRQ_hookFetchPacket
00002a08   __IRQ_intTable
00002ad8   __MCBSP_hDev0
00002adc   __MCBSP_hDev1
00002c40   __STACK_END
00000100   __STACK_SIZE
00000001   __TI_args_main
000021c0   ___TI_cpp_init
00002b30   ___TI_enable_exit_profile_output
ffffffff   ___TI_pprof_out_hndl
ffffffff   ___TI_prof_data_size
ffffffff   ___TI_prof_data_start
ffffffff   ___binit__
00000220   ___bss__
ffffffff   ___c_args__
00002500   ___cinit__
00000220   ___end__
00002500   ___etext__
ffffffff   ___pinit__
00000220   ___text__
00002340   __args_main
00001c40   __auto_init
00002b28   __cleanup_ptr
00002b2c   __dtors_ptr
00002b40   __stack
00001d40   __strasg
000024a0   _abort
00000220   _c6713_dsk_init
00002240   _c_int00
000013a0   _c_int11
00000318   _comm_intr
000002e4   _comm_poll
00002a7c   _config
00001f00   _copy_in
00001e20   _exit
00002844   _fs
00002aa4   _hAIC23_handle
0000294c   _i
00000820   _input_left_sample
000008e8   _input_right_sample
0000071c   _input_sample
00002950   _j
000024e0   _main
00001160   _memcpy
0000055c   _output_left_sample
0000063c   _output_right_sample
00000444   _output_sample
00000020   _vector1
00000140   _vector10
00000180   _vector12
000001a0   _vector13
000001c0   _vector14
000001e0   _vector15
00000040   _vector2
00000060   _vector3
00000080   _vector4
000000a0   _vector5
000000c0   _vector6
000000e0   _vector7
00000100   _vector8
00000120   _vector9
00000000   _vectors
ffffffff   binit
00002500   cinit
00000220   end
00002500   etext
ffffffff   pinit


GLOBAL SYMBOLS: SORTED BY Symbol Address 

address    name
--------   ----
00000000   _vectors
00000001   __TI_args_main
00000020   _vector1
00000040   _vector2
00000060   _vector3
00000080   _vector4
000000a0   _vector5
000000c0   _vector6
000000e0   _vector7
00000100   __STACK_SIZE
00000100   _vector8
00000120   _vector9
00000140   _vector10
00000180   _vector12
000001a0   _vector13
000001c0   _vector14
000001e0   _vector15
00000220   $bss
00000220   .bss
00000220   .text
00000220   ___bss__
00000220   ___end__
00000220   ___text__
00000220   _c6713_dsk_init
00000220   end
000002e4   _comm_poll
00000318   _comm_intr
00000444   _output_sample
0000055c   _output_left_sample
0000063c   _output_right_sample
0000071c   _input_sample
00000820   _input_left_sample
000008e8   _input_right_sample
00000a0c   _DSK6713_init
00000d28   _DSK6713_rget
00000d3c   _DSK6713_rset
00000d50   _DSK6713_wait
00000da8   _DSK6713_waitusec
00000dd4   _DSK6713_getVersion
00000e40   _DSK6713_AIC23_openCodec
00001160   _memcpy
000013a0   _c_int11
00001580   _IRQ_map
00001740   _MCBSP_reset
000018e0   _DSK6713_AIC23_rset
0000197c   _DSK6713_AIC23_rget
000019a0   _DSK6713_AIC23_config
00001a40   _MCBSP_open
00001b40   _MCBSP_start
00001c40   __auto_init
00001d40   __strasg
00001e20   _exit
00001f00   _copy_in
00001fc0   _DSK6713_AIC23_setFreq
00002080   _MCBSP_config
000021c0   ___TI_cpp_init
00002240   _c_int00
000022c0   _IRQ_enable
00002300   _IRQ_reset
00002340   __args_main
000023a0   _IRQ_globalDisable
000023c0   _IRQ_globalEnable
000023e0   _IRQ_nmiEnable
00002400   _MCBSP_getXmtEventId
00002420   _MCBSP_read
00002440   _MCBSP_rrdy
00002460   _MCBSP_write
00002480   _MCBSP_xrdy
000024a0   C$$EXIT
000024a0   _abort
000024c0   __IRQ_hookFetchPacket
000024e0   _main
00002500   ___cinit__
00002500   ___etext__
00002500   cinit
00002500   etext
00002844   _fs
00002848   _SinTable
000028c8   _Xn
000028cc   _XnBuffer
0000294c   _i
00002950   _j
00002954   _GAIN
00002958   _STEP
00002984   __IRQ_eventTable
00002a08   __IRQ_intTable
00002a48   __IRQ_dispatchTable
00002a50   _AIC_data
00002a5c   _AIC23CfgData
00002a7c   _config
00002aa4   _hAIC23_handle
00002ad8   __MCBSP_hDev0
00002adc   __MCBSP_hDev1
00002b28   __cleanup_ptr
00002b2c   __dtors_ptr
00002b30   ___TI_enable_exit_profile_output
00002b34   _DSK6713_AIC23_codeccontrolhandle
00002b38   _DSK6713_AIC23_codecdatahandle
00002b3c   _DSK6713_version
00002b40   __stack
00002c40   __STACK_END
ffffffff   ___TI_pprof_out_hndl
ffffffff   ___TI_prof_data_size
ffffffff   ___TI_prof_data_start
ffffffff   ___binit__
ffffffff   ___c_args__
ffffffff   ___pinit__
ffffffff   binit
ffffffff   pinit

[109 symbols]
